---
source: crates/specular-scene/tests/documents.rs
expression: app.scene_snapshot()
---
canvas rect 100,100 400x300 r=4 fill=#fafaf9
canvas column 112,112 376x276
  row
    rule x=0 w=2 row #1c1917d9
    text "quoted text" 10.4,0 wrap=365.6 14/21 italic #1c1917d9 spans=[7..11 italic]
  row gap=21
    rule x=0 w=2 row+gap #1c1917d9
    text "second paragraph" 10.4,0 wrap=365.6 14/21 italic #1c1917d9
  row gap=21
    rule x=0 w=2 row+gap #1c1917d9
    rule x=10.4 w=2 row #1c1917d9
    text "nested" 20.8,0 wrap=355.2 14/21 italic #1c1917d9
  row gap=21
    text "fn main() {}" 0,0 wrap=376 14/21 mono #1c1917
  row gap=21 min-h=21
    rule x=0 w=376 middle=1 #1c191740
  row gap=21
    text "after" 0,0 wrap=376 14/21 #1c1917 clip=100,100 400x300
