---
source: crates/specular-scene/tests/view.rs
expression: app.scene_snapshot()
---
canvas page p1 100,100 400x300 r=8
screen rect 100,100 400x300 r=8 stroke=#a6a09b/1/outside
screen text "example.com/p1" 100,79.5 box-h=16.5 11/15.4 w500 #6b6b6b middle clip=100,79.5 400x20.5
screen rect 99,99 402x302 stroke=#3b82f6/1/inside
