---
source: crates/specular-api/tests/api/verbs.rs
expression: session.app.doc_snapshot()
---
nodes:
  {"id":"page_e220a8397b1dcdaf","type":"link","x":0,"y":0,"width":1280,"height":800,"url":"http://localhost:4321/garden","presetIndex":6,"source":"generated"}
  {"id":"page_6e789e6aa1b965f4","type":"link","x":1400,"y":0,"width":852,"height":393,"url":"http://localhost:4321/garden","presetIndex":1,"source":"generated"}
  {"id":"text_06c45d188009454f","type":"text","x":0,"y":900,"width":200,"height":200,"text":"hero is too tall","color":"4","specular":{"textStyle":"sticky","parentGroupId":"group_2c829abe1f4532e1"}}
  {"id":"shape_f88bb8a8724c81ec","type":"shape","x":320,"y":900,"width":160,"height":160,"shapeKind":"ellipse","text":"todo","color":"1","parentGroupId":"group_2c829abe1f4532e1","specular":{"colorRole":"neutral"}}
  {"id":"group_2c829abe1f4532e1","type":"group","x":-24,"y":876,"width":528,"height":248,"label":"notes","layoutMode":"freeform","managedLayout":false}
edges:
  {"id":"edge_1b39896a51a8749b","fromNode":"page_e220a8397b1dcdaf","toNode":"page_6e789e6aa1b965f4","edgeKind":"breakpoint_variant"}
  {"id":"edge_53cb9f0c747ea2ea","fromNode":"text_06c45d188009454f","toNode":"page_e220a8397b1dcdaf","label":"about"}
specular: {"entityOrder":["page_e220a8397b1dcdaf","page_6e789e6aa1b965f4","text_06c45d188009454f","shape_f88bb8a8724c81ec","group_2c829abe1f4532e1","edge_1b39896a51a8749b","edge_53cb9f0c747ea2ea"]}
